// Jest Snapshot v1, https://goo.gl/fbAQLP

exports[`App renders RelatedItems component 1`] = `
<div>
  <RelatedItems />
</div>
`;

exports[`PzSlider pass a selected value to the onClick handler 1`] = `
<button
  onClick={[MockFunction]}
/>
`;

exports[`pass a selected value to the onClick handler 1`] = `
<button
  onClick={[MockFunction]}
/>
`;
